CGTN,https://0472.org/hls/cgtn.m3u8
CGTN,http://english-livetx.cgtn.com/hls/yypdyyctzb_hd.m3u8
CGTN俄语,https://0472.org/hls/cgtne.m3u8
CGTN俄语,http://russian-livews.cgtn.com/hls/LSvexABhNipibK5KRuUkvHZ7220802LSTeze9o8tdFXMHsb1VosgoT220802cd.m3u8
CGTN法语,https://0472.org/hls/cgtnf.m3u8
CGTN法语,http://espanol-liveali.cgtn.com/hls/LSveOGBaBw41Ea7ukkVAUdKQ220802LSTexu6xAuFH8VZNBLE1ZNEa220802cd.m3u8
CGTN纪录,https://0472.org/hls/cgtnd.m3u8
CGTN纪录,https://english-livetx.cgtn.com/hls/yypdjlctzb_hd.m3u8
CGTN西语,https://0472.org/hls/cgtnx.m3u8
CGTN阿语,https://0472.org/hls/cgtna.m3u8
中国交通,http://drive.mxmy.net:8888/udp/239.3.1.188:8001
熊猫直播,https://gcwbndali.v.myalicdn.com/gcwbnd/ipanda1000_2/index.m3u8
直播中国,https://gcalic.v.myalicdn.com/gc/wgw05_1/index.m3u8?contentid=2820180516001
支持作者,https://vd3.bdstatic.com/mda-rkaittm5s06vzzyq/sc/cae_h264/1762869883709304452/mda-rkaittm5s06vzzyq.mp4
兵团卫视,http://183.11.239.36:808/hls/7/index.m3u8
兵团卫视,http://120.76.248.139/live/bfgd/4200000124.m3u8
兵团卫视,http://218.13.170.98:9901/tsfile/live/0115_1.m3u8
海峡卫视,http://8.138.7.223/tv/hxws.m3u8
海峡卫视,http://38.64.72.148:80/hls/modn/list/4009/chunklist0.m3u8
海峡卫视,http://38.64.72.148:80/hls/modn/list/4009/playlist.m3u8
农林卫视,http://120.76.248.139/live/bfgd/4200000122.m3u8
农林卫视,http://8.138.7.223/【公众号：榴芒电视】/农林卫视.m3u8
农林卫视,http://124.116.183.146:9901/tsfile/live/1004_1.m3u8
农林卫视,http://124.116.183.146:9901/tsfile/live/1004_1.m3u8?key=txiptv&playlive=1&authid=0
北京卫视4K超,http://183.215.134.239:19901/tsfile/live/0122_1.m3u8?key=txiptv&playlive=1&authid=0
苏州4K,https://tylive.kan0512.com/norecord/csztv4k_4k.m3u8
科幻电影,https://yylunbo.ottiptv.cc/yy/1354930209
凤凰电影,http://iot-mqqt.111yao.cn:8080/live/diyp_fhdy.m3u8
龙华电影,https://cdn8.163189.xyz/live/lhdy/stream.m3u8
AMC电影,http://61.221.215.25:8800/hls/43/index.m3u8
1930年代经典电影,https://yylunbo.ottiptv.cc/yy/1356363815
28岁电影,https://goodiptv.club/douyu/8884164
CHC电影,http://183.237.95.108:9901/tsfile/live/1008_1.m3u8?key=txiptv&playlive=0&authid=0
YY果国际电影频道,https://yylunbo.ottiptv.cc/yy/1382627144
三七电影V,https://goodiptv.club/douyu/9457792
二胖影视,https://goodiptv.club/douyu/10064260
五分钟电影汇,https://goodiptv.club/douyu/8443438
人在囧途,https://vip.ffzy-play.com/20221018/1953_2d6ba500/index.m3u8
人在囧途之泰囧,https://vip.ffzy-play.com/20221018/1951_47e1adc8/index.m3u8
人在囧途之港囧,https://vip.ffzy-play7.com/20230112/11082_fde1a94d/index.m3u8
佛曰影视,https://goodiptv.club/douyu/9671758
倩女幽魂人间道,http://jsmov2.a.yximgs.com/bs3/video-hls/5250634317044855747_hlsb.m3u8
倩女幽魂妖魔道,http://jsmov2.a.yximgs.com/bs3/video-hls/5232901391302199073_hlsb.m3u8
倩女幽魂道道道,http://jsmov2.a.yximgs.com/bs3/video-hls/5216294367991385255_hlsb.m3u8
前任电影,https://goodiptv.club/douyu/9329242
史诗级科幻电影阿凡达,https://yylunbo.ottiptv.cc/yy/1382735577
同同电影,https://goodiptv.club/douyu/10155359
周星驰搞笑电影,https://yylunbo.ottiptv.cc/yy/38670875
哈利影视,https://goodiptv.club/douyu/8475821
喜人电影,https://goodiptv.club/douyu/10348735
喜剧电影笑不停,https://goodiptv.club/douyu/10298856
四叶草影视,https://goodiptv.club/douyu/9446117
国产动作电影,https://yylunbo.ottiptv.cc/yy/1382736858
国产大片电影,https://yylunbo.ottiptv.cc/yy/1354926655
国产电影就是闹着玩的,https://yylunbo.ottiptv.cc/yy/1354931503
国内玄幻电影林正英,https://yylunbo.ottiptv.cc/yy/1354932444
国内经典动作电影,https://yylunbo.ottiptv.cc/yy/1382851522
夏洛特烦恼国内电影喜剧,https://yylunbo.ottiptv.cc/yy/1354936201
大江大河2高分影视推荐,https://yylunbo.ottiptv.cc/yy/1382736797
大江大河高分影视推荐,https://yylunbo.ottiptv.cc/yy/1382736806
大米饭影视,https://goodiptv.club/douyu/9824094
大荒电影,https://goodiptv.club/douyu/3508538
大进军全集红色系列电影,https://yylunbo.ottiptv.cc/yy/1382745083
天堂电影1895,https://goodiptv.club/douyu/9573592
奇怪电影,https://goodiptv.club/douyu/9440966
寒战,https://vip.ffzy-play6.com/20221019/157_bf0740ee/index.m3u8
小儛电影嘚啵嘚,https://goodiptv.club/douyu/8362978
岳云鹏宋小宝也来演电影了,https://yylunbo.ottiptv.cc/yy/1354926612
影视小艺,https://yylunbo.ottiptv.cc/yy/1382737886
影视集装箱,https://goodiptv.club/douyu/8651489
怪味爆米花电影,https://goodiptv.club/douyu/9422144
悬疑武侠电影九门,https://yylunbo.ottiptv.cc/yy/1382828768
我不是药神,https://vip.ffzy-play1.com/20221018/478_c3afed66/index.m3u8
拆弹专家1,https://vip.ffzy-online.com/20221015/719_80ff87c2/index.m3u8
拆弹专家2,https://vip.ffzy-online.com/20221015/722_e32c42bc/index.m3u8
无际电影,https://goodiptv.club/douyu/9720498
末日系列外国电影合集,https://yylunbo.ottiptv.cc/yy/1354889019
林九影视,https://goodiptv.club/douyu/7212528
林正英经典电影,https://yylunbo.ottiptv.cc/yy/34229877
欧美配音电影,https://yylunbo.ottiptv.cc/yy/1354693629
涛浪浪电影,https://goodiptv.club/douyu/5424258
热血抗日电影,https://yylunbo.ottiptv.cc/yy/1382749907
爆笑电影王牌大贱谍23,https://yylunbo.ottiptv.cc/yy/1382735556
爱星影视,https://goodiptv.club/douyu/9476806
独立鱼电影,https://goodiptv.club/douyu/2413555
猫眼电影,https://goodiptv.club/douyu/8726221
珍珠港电影,https://yylunbo.ottiptv.cc/yy/1354936234
电影,https://yylunbo.ottiptv.cc/yy/37454459
电影七十二变,https://goodiptv.club/douyu/9323164
电影先锋V,https://goodiptv.club/douyu/8711212
电影刘油果,https://goodiptv.club/douyu/3985805
电影吐槽汇,https://goodiptv.club/douyu/9447668
电影小班长,https://goodiptv.club/douyu/549693
电影幕后喵,https://goodiptv.club/douyu/8884074
电影漩涡,https://goodiptv.club/douyu/8706350
电影百团大战,https://yylunbo.ottiptv.cc/yy/1382736871
电影笔记,https://goodiptv.club/douyu/9636034
电影黑豹,https://yylunbo.ottiptv.cc/yy/1382736816
粟裕大将影视,https://yylunbo.ottiptv.cc/yy/1354926542
精彩动作电影,https://yylunbo.ottiptv.cc/yy/1382736823
精彩动作电影享不停,https://yylunbo.ottiptv.cc/yy/1382736809
经典电影港片枪战,https://yylunbo.ottiptv.cc/yy/1355076627
维立方电影,https://goodiptv.club/douyu/8706393
老王的夜电影院,https://goodiptv.club/douyu/3498219
老电影故事,https://goodiptv.club/douyu/9167273
腹黑电影,https://goodiptv.club/douyu/8867878
莱纳电影,https://goodiptv.club/douyu/9356937
让子弹飞,https://vip.ffzy-play7.com/20230116/11563_b9f44814/index.m3u8
贝爷求生影视,https://goodiptv.club/douyu/9661369
贰哥电影,https://goodiptv.club/douyu/9338867
超精彩系列动作电影,https://yylunbo.ottiptv.cc/yy/1382745096
远去的飞鹰影视剧,https://yylunbo.ottiptv.cc/yy/1354930912
逐梦电影,https://goodiptv.club/douyu/4058285
野山鹰影视剧,https://yylunbo.ottiptv.cc/yy/1354932395
野格影视,https://goodiptv.club/douyu/9931766
韩国电影2,https://stream.ads.ottera.tv/playlist.m3u8?network_id=743
香兰爱影视,https://goodiptv.club/douyu/9487090
龙哥盘电影,https://goodiptv.club/douyu/9736161
龙门飞甲,http://jsmov2.a.yximgs.com/bs3/video-hls/5203346449046555193_hlsb.m3u8
重温经典,https://other.ottiptv.cc/cwjd.m3u8
纪实科教8K,http://111.31.106.140/downflv.brtvcloud.com/8klive/8kliveok.m3u8
北京纪实科教8K,https://gdcucc.v1.mk/gdcucc/brtv8k.m3u8
南国都市,https://tencentplay.gztv.com/live/nanguodushi.m3u8?txSecret=550af55c0ea34ce492748481415b6dfa&txTime=1903e7b17de
新视觉,http://120.76.248.139/live/bfgd/4200000249.m3u8
纪实科教,http://120.76.248.139/live/bfgd/4200000113.m3u8
广东少儿,http://gmxw.7766.org:808/hls/175/index.m3u8
动画大师姐,https://goodiptv.club/douyu/9742136
动画魂,https://goodiptv.club/douyu/9393242
漫尼动画,https://goodiptv.club/douyu/10364790
立秋动画,https://goodiptv.club/douyu/10351891
韩国EBS少儿,http://ebsonairios.ebs.co.kr/ebsutablet500k/tablet500k/playlist.m3u8
0小行家0,https://goodiptv.club/douyu/9280356
11No巴蒂11,https://goodiptv.club/douyu/9455937
5毒士,https://goodiptv.club/douyu/9406600
AK萌虎,https://goodiptv.club/douyu/4049310
Acer丶宏正,https://goodiptv.club/douyu/10670244
Bella贝拉酱,https://goodiptv.club/douyu/9663084
BetterMan北北,https://goodiptv.club/douyu/8507023
Biu餐厅主管,https://goodiptv.club/douyu/7921708
Cloud猪,https://goodiptv.club/douyu/527502
CmoStar,https://goodiptv.club/douyu/10282256
Co视文化,https://goodiptv.club/douyu/1060418
DS女老诗,https://goodiptv.club/douyu/563536
Devil青酱,https://goodiptv.club/douyu/9510544
Ethan清醒思考,https://goodiptv.club/douyu/9481151
FGO丶Master1,https://goodiptv.club/douyu/9477851
Fatal飞雪,https://goodiptv.club/douyu/8813596
Jonas888,https://goodiptv.club/douyu/6054446
KUMA轻松熊博士,https://goodiptv.club/douyu/2282604
LCPD拉登,https://goodiptv.club/douyu/9503015
LOUIS樱,https://goodiptv.club/douyu/9235284
MJ小林大人嗷,https://goodiptv.club/douyu/9204381
MK青凌,https://goodiptv.club/douyu/9488836
Melo的健身课堂,https://goodiptv.club/douyu/9306609
MordonFreeman是谁,https://goodiptv.club/douyu/9524579
Nino学长,https://goodiptv.club/douyu/9525473
OE档案,https://goodiptv.club/douyu/6725858
OooOlivia奥莉蕉,https://goodiptv.club/douyu/9678862
Psyman塞门,https://goodiptv.club/douyu/9753585
QLIMES,https://goodiptv.club/douyu/1039732
RNDxc,https://goodiptv.club/douyu/4585643
Rabbit每日爆料,https://goodiptv.club/douyu/9685652
Red袖袖,https://goodiptv.club/douyu/9645396
SH11N,https://goodiptv.club/douyu/9650451
SKYE魏,https://goodiptv.club/douyu/9460834
TSSS映画,https://goodiptv.club/douyu/9749339
TUOK肖恩,https://goodiptv.club/douyu/9392433
WANJINNY,https://goodiptv.club/douyu/9567755
W总动员,https://goodiptv.club/douyu/9480767
XCin888,https://goodiptv.club/douyu/3617935
YIKa777,https://goodiptv.club/douyu/8868213
a萌小翘臀,https://goodiptv.club/douyu/7552568
epcdiy,https://goodiptv.club/douyu/8759268
fans圈娱乐,https://goodiptv.club/douyu/9630581
ljgdy,https://goodiptv.club/douyu/1600769
low君热剧,https://goodiptv.club/douyu/8461020
mad叶月Mashiro灬,https://goodiptv.club/douyu/9192932
py86阿,https://goodiptv.club/douyu/8849954
sekai的光子,https://goodiptv.club/douyu/9564766
shhher,https://goodiptv.club/douyu/8733680
xiaoxiao1004,https://goodiptv.club/douyu/2569874
一只魔玩,https://goodiptv.club/douyu/9606281
一束光开始,https://goodiptv.club/douyu/8662684
一条正弦sin,https://goodiptv.club/douyu/9497985
一颗咕咕星,https://goodiptv.club/douyu/9388557
三代鹿人v,https://goodiptv.club/douyu/9629717
三斤呦,https://goodiptv.club/douyu/9047933
上来先丢大v,https://goodiptv.club/douyu/9566154
不会骑马的健身少年,https://goodiptv.club/douyu/8862198
不思异剧场,https://goodiptv.club/douyu/9297412
世界纪录大全,https://goodiptv.club/douyu/9406359
丛林工程师,https://goodiptv.club/douyu/9804149
中二大帝妮可姬,https://goodiptv.club/douyu/9612400
中二的枫哲酱,https://goodiptv.club/douyu/9541849
丶清风浊酒丶,https://goodiptv.club/douyu/5918434
主播拍个肚皮,https://goodiptv.club/douyu/9387499
久远丶酱,https://goodiptv.club/douyu/9046649
乌拉吖有剧,https://goodiptv.club/douyu/10075154
乐儿丶Ler,https://goodiptv.club/douyu/8221699
九仙人儿,https://goodiptv.club/douyu/8669085
乡村水龙,https://goodiptv.club/douyu/9486905
乡间大路上,https://goodiptv.club/douyu/9850661
书岳钓鱼,https://goodiptv.club/douyu/10100206
二次元fans鹿鹿,https://goodiptv.club/douyu/8661526
云襄白羽,https://goodiptv.club/douyu/10508677
京城笑工坊,https://goodiptv.club/douyu/10329324
亮亮也是酿酿,https://goodiptv.club/douyu/4340136
人生回答机本机,https://goodiptv.club/douyu/9409722
人类早期驯服,https://goodiptv.club/douyu/8892864
伊西wind,https://goodiptv.club/douyu/12641373
你顶亲亲的前女友,https://goodiptv.club/douyu/8896746
俩个麻瓜,https://goodiptv.club/douyu/10121755
倓张TanZ,https://goodiptv.club/douyu/9687221
傲娇一喵喵,https://goodiptv.club/douyu/9392610
八幡老师1,https://goodiptv.club/douyu/9272043
关云猖,https://goodiptv.club/douyu/8820996
养狗的一浩,https://goodiptv.club/douyu/9478842
内蒙卡秋,https://goodiptv.club/douyu/9067858
内蒙古欢乐驿站,https://goodiptv.club/douyu/9365077
农村一级野钓大师,https://goodiptv.club/douyu/9433591
农村幺妹儿,https://goodiptv.club/douyu/9344884
农氏野钓,https://goodiptv.club/douyu/10103361
冥王星丶丶,https://goodiptv.club/douyu/296575
冰糖葫芦没放盐V,https://goodiptv.club/douyu/3505453
冷孝洪,https://goodiptv.club/douyu/9527761
几号房间,https://goodiptv.club/douyu/8829425
凤起青云,https://goodiptv.club/douyu/749124
刘也变z,https://goodiptv.club/douyu/9489079
创艺微视觉,https://goodiptv.club/douyu/12619211
利利川,https://goodiptv.club/douyu/9329249
别闹了美越,https://goodiptv.club/douyu/9548244
到远方旅行,https://goodiptv.club/douyu/9614588
剧燃有趣,https://goodiptv.club/douyu/10329702
剧透大爆炸,https://goodiptv.club/douyu/1739752
功夫联盟2020,https://goodiptv.club/douyu/9169624
动漫推荐i,https://goodiptv.club/douyu/5187099
动物启示录,https://goodiptv.club/douyu/9443129
助眠师海宝宝,https://goodiptv.club/douyu/1103328
励志少年派,https://goodiptv.club/douyu/8700367
勇敢的荒野人,https://goodiptv.club/douyu/9618038
千代语默,https://goodiptv.club/douyu/9484187
半打星冰乐,https://goodiptv.club/douyu/7481383
半藏同学,https://goodiptv.club/douyu/9372627
华白雨,https://goodiptv.club/douyu/9495454
卖爆鱼的小姑娘,https://goodiptv.club/douyu/5982597
卡密密尼,https://goodiptv.club/douyu/9013989
卡皮君本人,https://goodiptv.club/douyu/9050486
压力洋哥,https://goodiptv.club/douyu/5297259
去种田的向凹凸,https://goodiptv.club/douyu/9570290
双笙陈元汐,https://goodiptv.club/douyu/6476693
只关于篮球的只老师,https://goodiptv.club/douyu/9367541
可乐家的老骑士,https://goodiptv.club/douyu/9958943
台球帝,https://goodiptv.club/douyu/10078171
吃草莓的果子狸V,https://goodiptv.club/douyu/9382395
吃鸡小表弟,https://goodiptv.club/douyu/9370197
同行渔猎笔记,https://goodiptv.club/douyu/2718202
名人物语DY,https://goodiptv.club/douyu/9539063
名曰老饕,https://goodiptv.club/douyu/1732550
君笑坊,https://goodiptv.club/douyu/9444093
吟游诗人基德,https://goodiptv.club/douyu/9337049
吟笑派,https://goodiptv.club/douyu/2987100
吾恩5nn,https://goodiptv.club/douyu/9631914
周六野Zoey,https://goodiptv.club/douyu/8912150
周星驰的直播间,https://goodiptv.club/douyu/8257039
周队长captain,https://goodiptv.club/douyu/9023539
咆哮丶土拨鼠,https://goodiptv.club/douyu/9564230
和猫住丶,https://goodiptv.club/douyu/850030
咸车,https://goodiptv.club/douyu/9498554
咸鱼翻身是另一面咸鱼,https://goodiptv.club/douyu/527076
哇萨比抓马WD,https://goodiptv.club/douyu/8808506
哲忆丶,https://goodiptv.club/douyu/8977251
唐人探影,https://goodiptv.club/douyu/10371561
喝水少年孙十一,https://goodiptv.club/douyu/9619048
喵喵喵的猫酱酱,https://goodiptv.club/douyu/11179077
喵招诗雨,https://goodiptv.club/douyu/9651121
喵来啦V,https://goodiptv.club/douyu/8657669
国际吸猫协会,https://goodiptv.club/douyu/8657834
圈踢动漫,https://goodiptv.club/douyu/1952680
在下小苏Su,https://goodiptv.club/douyu/8658051
夏夜柚子树,https://goodiptv.club/douyu/9606419
夏日幻听MCE,https://goodiptv.club/douyu/9546437
外卖仙人成天,https://goodiptv.club/douyu/9498506
夙瑶瑾,https://goodiptv.club/douyu/9450568
多巴安工作室,https://goodiptv.club/douyu/9446799
夜与白鲸V,https://goodiptv.club/douyu/9734515
大力学姐,https://goodiptv.club/douyu/8784719
大坑侦探社,https://goodiptv.club/douyu/9440339
大庆在农村,https://goodiptv.club/douyu/9477316
大汁猪,https://goodiptv.club/douyu/9191071
大熊观影,https://goodiptv.club/douyu/8851140
大狼狗刨祖坟,https://goodiptv.club/douyu/10217975
大笑影院,https://goodiptv.club/douyu/10329300
大胡子魏,https://goodiptv.club/douyu/8792763
大蓝雀,https://goodiptv.club/douyu/8656759
天JIANG,https://goodiptv.club/douyu/9455480
天才大熊猫啊,https://goodiptv.club/douyu/10646699
天才简史,https://goodiptv.club/douyu/8662915
天才霸总的狐崽崽,https://goodiptv.club/douyu/10394922
奇妙博物馆,https://goodiptv.club/douyu/9409723
奇趣研究,https://goodiptv.club/douyu/8661456
女王泡面V,https://goodiptv.club/douyu/9369937
妈见打ovo,https://goodiptv.club/douyu/9413151
娱乐扒叔,https://goodiptv.club/douyu/9624581
娱乐新番,https://goodiptv.club/douyu/9564845
婧公子,https://goodiptv.club/douyu/9464182
学徒郭昱麟,https://goodiptv.club/douyu/8871095
宇宙无敌韩三金,https://goodiptv.club/douyu/3194372
安安601801,https://goodiptv.club/douyu/11283504
安琪儿的羽翼,https://goodiptv.club/douyu/9388783
宝蓝和朋友们,https://goodiptv.club/douyu/9283356
尉迟杰影评,https://goodiptv.club/douyu/8850682
小侠来了,https://goodiptv.club/douyu/9734042
小刚学长o,https://goodiptv.club/douyu/9701497
小太V,https://goodiptv.club/douyu/9606954
小姐姐Bie跑哦,https://goodiptv.club/douyu/8666258
小手枪Newhandgun,https://goodiptv.club/douyu/8943060
小木鱼de妈妈,https://goodiptv.club/douyu/11199147
小林家的旗女仆,https://goodiptv.club/douyu/9211287
小猪优版剧院,https://goodiptv.club/douyu/10297898
小猪搞笑精选,https://goodiptv.club/douyu/10329752
小红在农村,https://goodiptv.club/douyu/1492444
小艾大叔,https://goodiptv.club/douyu/9314668
小铁房乐队,https://goodiptv.club/douyu/9624976
小青放映社,https://goodiptv.club/douyu/9314689
小馒头叫包几,https://goodiptv.club/douyu/9028721
小鹏漫剪,https://goodiptv.club/douyu/9476810
小黑豹子啊,https://goodiptv.club/douyu/9458184
少女娜娜酱,https://goodiptv.club/douyu/9445557
少年阿虎233,https://goodiptv.club/douyu/9396762
尚大人OwO,https://goodiptv.club/douyu/9656124
尽整没用D,https://goodiptv.club/douyu/8791622
屁屁鲁男孩,https://goodiptv.club/douyu/708526
屁屁鸭家族LOVE,https://goodiptv.club/douyu/9461930
山下智博official,https://goodiptv.club/douyu/9186596
山里记,https://goodiptv.club/douyu/9410236
屿风体育,https://goodiptv.club/douyu/10329889
岚FLL,https://goodiptv.club/douyu/9409703
巅峰球迷会,https://goodiptv.club/douyu/10417360
巫妖王丶怀旧电视游戏,https://goodiptv.club/douyu/1023277
庄尼兔拟音实验室,https://goodiptv.club/douyu/9546169
开心逛剧场,https://goodiptv.club/douyu/10329310
开箱嘤嘤怪,https://goodiptv.club/douyu/10319056
开车大神,https://goodiptv.club/douyu/9759970
张宇394795,https://goodiptv.club/douyu/7508566
张小莹要独立,https://goodiptv.club/douyu/9647285
弹吉他的Miumiu,https://goodiptv.club/douyu/4564166
影子叔V,https://goodiptv.club/douyu/9446338
御前狼王顾云川,https://goodiptv.club/douyu/9517289
御魔君,https://goodiptv.club/douyu/9199976
德井鱼,https://goodiptv.club/douyu/9184833
心叽酱,https://goodiptv.club/douyu/9488056
快乐的小波子,https://goodiptv.club/douyu/9039399
怠惰守夜,https://goodiptv.club/douyu/8842108
怪事屋,https://goodiptv.club/douyu/8706084
恰饭橘,https://goodiptv.club/douyu/7974136
情感测试小分队,https://goodiptv.club/douyu/9697688
情殇乱世佳,https://goodiptv.club/douyu/8368928
戏晶SHOW,https://goodiptv.club/douyu/9565130
我们可爱的程程,https://goodiptv.club/douyu/329667
我叫孙火旺,https://goodiptv.club/douyu/9770949
我是YOLO啊,https://goodiptv.club/douyu/5077166
我是一只西瓜啊,https://goodiptv.club/douyu/9065082
我是瓜皮儿本人a,https://goodiptv.club/douyu/9665696
我是阿树酱,https://goodiptv.club/douyu/9486020
我的超能力女友,https://goodiptv.club/douyu/9501159
戒喵中心,https://goodiptv.club/douyu/8658212
戴萌兔,https://goodiptv.club/douyu/9522315
户外老曹,https://goodiptv.club/douyu/9957389
扒圈圈V,https://goodiptv.club/douyu/9649913
托尔兹桃花剑,https://goodiptv.club/douyu/8896743
拳击大王,https://goodiptv.club/douyu/9385340
探奇录,https://goodiptv.club/douyu/9746763
东方卫视4K,http://bp-resource-dfl.bestv.cn/148/3/video.m3u8
探秘者大正,https://goodiptv.club/douyu/9330485
江苏卫视4K,http://8.138.7.223/tv/jsws4k.php
搞笑天堂岛,https://goodiptv.club/douyu/6916081
广东卫视4K,http://101.35.240.114:88/live.php?id=广东卫视4K
搞笑孟文明,https://goodiptv.club/douyu/9766337
山东卫视4K,http://101.35.240.114:88/live.php?id=山东卫视4K
政宗君de情敌,https://goodiptv.club/douyu/9624330
苏州4K,https://live-auth.51kandianshi.com/szgd/csztv4k_hd.m3u8
敬汉卿250,https://goodiptv.club/douyu/2912165
河北4K,https://event.pull.hebtv.com:443/live/live101.m3u8
数据库saber,https://goodiptv.club/douyu/9720506
南国都市4K,https://tencentplay.gztv.com/live/nanguodushi.m3u8?txSecret=550af55c0ea34ce492748481415b6dfa&txTime=1903e7b17de
文侠灬杨杨,https://goodiptv.club/douyu/10317257
CCTV-卫生健康,http://nas.hssvm.com:8888/udp/225.1.1.210:5002
文曰小强,https://goodiptv.club/douyu/2680501
CCTV-电视指南,http://www.lizhinas.top:1009/rtp/239.252.219.97:5140
无才先生,https://goodiptv.club/douyu/8317571
中国天气,http://hls.weathertv.cn/tslslive/qCFIfHB/hls/live_sd.m3u8
旧梦随人心,https://goodiptv.club/douyu/692533
中国交通,http://drive.mxmy.net:8888/udp/239.3.1.188:8001
旺仔大哥哥阿,https://goodiptv.club/douyu/9629361
直播中国,https://gcalic.v.myalicdn.com/gc/wgw05_1/index.m3u8?contentid=2820180516001
昆特牌之大哥食正野,https://goodiptv.club/douyu/7919720
熊猫直播,https://gcwbndali.v.myalicdn.com/gcwbnd/ipanda1000_2/index.m3u8
星空茶茶,https://goodiptv.club/douyu/8635497
CETV-1 综合教育,http://www.lizhinas.top:1009/rtp/239.252.220.198:5140
是chshh,https://goodiptv.club/douyu/9570579
CETV-2 空中课堂,http://www.lizhinas.top:1009/rtp/239.252.219.73:5140
是不是Pro,https://goodiptv.club/douyu/9475113
CETV-3 教育服务,http://rrs01.hw.gmcc.net:8088/PLTV/81/224/3221226722/1.m3u8
是小x同学呀,https://goodiptv.club/douyu/9415020
CETV-4 职业教育,http://rrs01.hw.gmcc.net:8088/PLTV/81/224/3221226724/1.m3u8
是忆昔啊,https://goodiptv.club/douyu/9455518
CGTN英语,http://english-livetx.cgtn.com/hls/yypdyyctzb_hd.m3u8
是真的林虎LinHu,https://goodiptv.club/douyu/9540113
CGTN记录,https://english-livetx.cgtn.com/hls/yypdjlctzb_hd.m3u8
是纯洁上校,https://goodiptv.club/douyu/9666042
CGTN俄语,http://russian-livews.cgtn.com/hls/LSvexABhNipibK5KRuUkvHZ7220802LSTeze9o8tdFXMHsb1VosgoT220802cd.m3u8
是脑洞君君君,https://goodiptv.club/douyu/9360149
CGTN法语,http://espanol-liveali.cgtn.com/hls/LSveOGBaBw41Ea7ukkVAUdKQ220802LSTexu6xAuFH8VZNBLE1ZNEa220802cd.m3u8
暮肆Mousse,https://goodiptv.club/douyu/9634199
CGTN西语,http://espanol-liveali.cgtn.com/hls/LSveOGBaBw41Ea7ukkVAUdKQ220802LSTexu6xAuFH8VZNBLE1ZNEa220802cd.m3u8
暴走兄弟v,https://goodiptv.club/douyu/9350960
CGTN阿语,http://espanol-liveali.cgtn.com/hls/LSveOGBaBw41Ea7ukkVAUdKQ220802LSTexu6xAuFH8VZNBLE1ZNEa220802cd.m3u8
曹小灵比比叨,https://goodiptv.club/douyu/10289400
CCTV4K,http://p.ytelc.com/169l/0/cctv.php?id=cctv4k
月影Yueing212,https://goodiptv.club/douyu/8885525
CCTV4美洲,https://www.wmviv.com/iptv/bc2t.php?id=cctv4m
有趣视频分享,https://goodiptv.club/douyu/1816353
CCTV4欧洲,https://www.wmviv.com/iptv/bc2t.php?id=cctv4o
朔涵君,https://goodiptv.club/douyu/9354201
CCTV发现之旅,http://www.wmviv.com/iptv/bc2t.php?id=fxzl
木JJ,https://goodiptv.club/douyu/9575463
CCTV老故事,http://www.wmviv.com/iptv/bc2t.php?id=lgs
朱一旦的枯燥生活v,https://goodiptv.club/douyu/7907979
CCTV中学生,http://www.wmviv.com/iptv/bc2t.php?id=zxs
李会长街溜子,https://goodiptv.club/douyu/9741805
CGTN,http://www.wmviv.com/iptv/bc2t.php?id=cgtn
村野趣事荟,https://goodiptv.club/douyu/5794474
CGTN纪录,http://www.wmviv.com/iptv/bc2t.php?id=cgtnjl
杨山羊goat,https://goodiptv.club/douyu/6300365
海峡卫视,http://www.wmviv.com/iptv/bc2t.php?id=hxws
杰克大魔王V,https://goodiptv.club/douyu/9729740
四海钓鱼,http://www.wmviv.com/iptv/bc2t.php?id=shdy
果冻lui,https://goodiptv.club/douyu/9191790
上视纪实人文,http://www.wmviv.com/iptv/bc2t.php?id=shjsrw
